This is a test.
Appended line.0
Appended line.1
